// Jest Snapshot v1, https://goo.gl/fbAQLP

exports[`Spinner tests Spinner renders correctly 1`] = `
<div
  className="spinner-container"
>
  <div
    className="spinner-border"
    role="status"
  >
    <span
      className="sr-only"
    >
      Loading...
    </span>
  </div>
</div>
`;
