// Jest Snapshot v1, https://goo.gl/fbAQLP

exports[`Rate tests Rate renders correctly 1`] = `
<span>
  1 
  £
   == 
  1.2
   
  €
</span>
`;
