// Jest Snapshot v1, https://goo.gl/fbAQLP

exports[`Account renders correctly 1`] = `
<div>
  <span>
     Available funds: 
  </span>
  <span>
    1500
     
    $
  </span>
</div>
`;
