// Jest Snapshot v1, https://goo.gl/fbAQLP

exports[`ExchangeCard tests ExchangeCard renders correctly 1`] = `
<div
  className="card mb-2"
>
  <div
    className="card-body"
  >
    <div
      className="form-group"
    >
      <div
        className="rate"
      />
      <div
        className="currencySelector"
      />
      <div
        className="account"
      />
    </div>
    <div
      className="form-group"
    >
      <div
        className="amountInput"
      />
    </div>
  </div>
</div>
`;
