// Jest Snapshot v1, https://goo.gl/fbAQLP

exports[`ErrorBoundary tests ErrorBoundary renders correctly 1`] = `
<div>
  Child
</div>
`;
